Copyright 1986-2017 Xilinx, Inc. All Rights Reserved.
---------------------------------------------------------------------------------------------------------------------------------------------------------------------------
| Tool Version : Vivado v.2017.2 (win64) Build 1909853 Thu Jun 15 18:39:09 MDT 2017
| Date         : Sat Sep 16 00:34:58 2017
| Host         : Wimucs running 64-bit major release  (build 9200)
| Command      : report_drc -file gpio_adapter_design_wrapper_drc_routed.rpt -pb gpio_adapter_design_wrapper_drc_routed.pb -rpx gpio_adapter_design_wrapper_drc_routed.rpx
| Design       : gpio_adapter_design_wrapper
| Device       : xc7z010clg400-1
| Speed File   : -1
| Design State : Routed
---------------------------------------------------------------------------------------------------------------------------------------------------------------------------

Report DRC

Table of Contents
-----------------
1. REPORT SUMMARY
2. REPORT DETAILS

1. REPORT SUMMARY
-----------------
            Netlist: netlist
          Floorplan: design_1
      Design limits: <entire design considered>
           Ruledeck: default
             Max violations: <unlimited>
             Violations found: 4
+--------+----------+--------------------------+------------+
| Rule   | Severity | Description              | Violations |
+--------+----------+--------------------------+------------+
| BUFC-1 | Warning  | Input Buffer Connections | 4          |
+--------+----------+--------------------------+------------+

2. REPORT DETAILS
-----------------
BUFC-1#1 Warning
Input Buffer Connections  
Input buffer leds_4bits_tri_iobuf_0/IBUF (in leds_4bits_tri_iobuf_0 macro) has no loads. It is recommended to have an input buffer drive an internal load.
Related violations: <none>

BUFC-1#2 Warning
Input Buffer Connections  
Input buffer leds_4bits_tri_iobuf_1/IBUF (in leds_4bits_tri_iobuf_1 macro) has no loads. It is recommended to have an input buffer drive an internal load.
Related violations: <none>

BUFC-1#3 Warning
Input Buffer Connections  
Input buffer leds_4bits_tri_iobuf_2/IBUF (in leds_4bits_tri_iobuf_2 macro) has no loads. It is recommended to have an input buffer drive an internal load.
Related violations: <none>

BUFC-1#4 Warning
Input Buffer Connections  
Input buffer leds_4bits_tri_iobuf_3/IBUF (in leds_4bits_tri_iobuf_3 macro) has no loads. It is recommended to have an input buffer drive an internal load.
Related violations: <none>


